------------------------------------------------------------
Timing Analyzer Summary
------------------------------------------------------------

Type  : Slow 1200mV 85C Model Setup 'CLK_50MHZ_to_60HZ:U5|tmp'
Slack : -14.646
TNS   : -12529.571

Type  : Slow 1200mV 85C Model Setup 'pixel_clk_m'
Slack : -1.940
TNS   : -1.940

Type  : Slow 1200mV 85C Model Setup 'U1|altpll_component|auto_generated|pll1|clk[0]'
Slack : 31.974
TNS   : 0.000

Type  : Slow 1200mV 85C Model Hold 'CLK_50MHZ_to_60HZ:U5|tmp'
Slack : 0.321
TNS   : 0.000

Type  : Slow 1200mV 85C Model Hold 'pixel_clk_m'
Slack : 0.341
TNS   : 0.000

Type  : Slow 1200mV 85C Model Hold 'U1|altpll_component|auto_generated|pll1|clk[0]'
Slack : 0.414
TNS   : 0.000

Type  : Slow 1200mV 85C Model Minimum Pulse Width 'CLK_50MHZ_to_60HZ:U5|tmp'
Slack : -1.403
TNS   : -1424.045

Type  : Slow 1200mV 85C Model Minimum Pulse Width 'pixel_clk_m'
Slack : 9.689
TNS   : 0.000

Type  : Slow 1200mV 85C Model Minimum Pulse Width 'U1|altpll_component|auto_generated|pll1|clk[0]'
Slack : 19.585
TNS   : 0.000

Type  : Slow 1200mV 0C Model Setup 'CLK_50MHZ_to_60HZ:U5|tmp'
Slack : -13.344
TNS   : -11521.418

Type  : Slow 1200mV 0C Model Setup 'pixel_clk_m'
Slack : -1.725
TNS   : -1.725

Type  : Slow 1200mV 0C Model Setup 'U1|altpll_component|auto_generated|pll1|clk[0]'
Slack : 32.600
TNS   : 0.000

Type  : Slow 1200mV 0C Model Hold 'CLK_50MHZ_to_60HZ:U5|tmp'
Slack : 0.289
TNS   : 0.000

Type  : Slow 1200mV 0C Model Hold 'pixel_clk_m'
Slack : 0.305
TNS   : 0.000

Type  : Slow 1200mV 0C Model Hold 'U1|altpll_component|auto_generated|pll1|clk[0]'
Slack : 0.335
TNS   : 0.000

Type  : Slow 1200mV 0C Model Minimum Pulse Width 'CLK_50MHZ_to_60HZ:U5|tmp'
Slack : -1.403
TNS   : -1424.045

Type  : Slow 1200mV 0C Model Minimum Pulse Width 'pixel_clk_m'
Slack : 9.710
TNS   : 0.000

Type  : Slow 1200mV 0C Model Minimum Pulse Width 'U1|altpll_component|auto_generated|pll1|clk[0]'
Slack : 19.573
TNS   : 0.000

Type  : Fast 1200mV 0C Model Setup 'CLK_50MHZ_to_60HZ:U5|tmp'
Slack : -6.227
TNS   : -5153.354

Type  : Fast 1200mV 0C Model Setup 'pixel_clk_m'
Slack : -0.659
TNS   : -0.659

Type  : Fast 1200mV 0C Model Setup 'U1|altpll_component|auto_generated|pll1|clk[0]'
Slack : 36.394
TNS   : 0.000

Type  : Fast 1200mV 0C Model Hold 'CLK_50MHZ_to_60HZ:U5|tmp'
Slack : 0.140
TNS   : 0.000

Type  : Fast 1200mV 0C Model Hold 'pixel_clk_m'
Slack : 0.148
TNS   : 0.000

Type  : Fast 1200mV 0C Model Hold 'U1|altpll_component|auto_generated|pll1|clk[0]'
Slack : 0.208
TNS   : 0.000

Type  : Fast 1200mV 0C Model Minimum Pulse Width 'CLK_50MHZ_to_60HZ:U5|tmp'
Slack : -1.000
TNS   : -1015.000

Type  : Fast 1200mV 0C Model Minimum Pulse Width 'pixel_clk_m'
Slack : 9.451
TNS   : 0.000

Type  : Fast 1200mV 0C Model Minimum Pulse Width 'U1|altpll_component|auto_generated|pll1|clk[0]'
Slack : 19.661
TNS   : 0.000

------------------------------------------------------------
