------------------------------------------------------------
Timing Analyzer Summary
------------------------------------------------------------

Type  : Slow 1200mV 85C Model Setup 'CLK_50MHZ_to_60HZ:U5|tmp'
Slack : -290.398
TNS   : -18533.110

Type  : Slow 1200mV 85C Model Setup 'pixel_clk_m'
Slack : -67.700
TNS   : -3760.293

Type  : Slow 1200mV 85C Model Setup 'U1|altpll_component|auto_generated|pll1|clk[0]'
Slack : 29.657
TNS   : 0.000

Type  : Slow 1200mV 85C Model Hold 'CLK_50MHZ_to_60HZ:U5|tmp'
Slack : 0.323
TNS   : 0.000

Type  : Slow 1200mV 85C Model Hold 'pixel_clk_m'
Slack : 0.341
TNS   : 0.000

Type  : Slow 1200mV 85C Model Hold 'U1|altpll_component|auto_generated|pll1|clk[0]'
Slack : 0.417
TNS   : 0.000

Type  : Slow 1200mV 85C Model Minimum Pulse Width 'CLK_50MHZ_to_60HZ:U5|tmp'
Slack : -1.403
TNS   : -827.770

Type  : Slow 1200mV 85C Model Minimum Pulse Width 'pixel_clk_m'
Slack : 9.671
TNS   : 0.000

Type  : Slow 1200mV 85C Model Minimum Pulse Width 'U1|altpll_component|auto_generated|pll1|clk[0]'
Slack : 19.585
TNS   : 0.000

Type  : Slow 1200mV 0C Model Setup 'CLK_50MHZ_to_60HZ:U5|tmp'
Slack : -268.820
TNS   : -17103.059

Type  : Slow 1200mV 0C Model Setup 'pixel_clk_m'
Slack : -61.554
TNS   : -3422.770

Type  : Slow 1200mV 0C Model Setup 'U1|altpll_component|auto_generated|pll1|clk[0]'
Slack : 30.443
TNS   : 0.000

Type  : Slow 1200mV 0C Model Hold 'CLK_50MHZ_to_60HZ:U5|tmp'
Slack : 0.289
TNS   : 0.000

Type  : Slow 1200mV 0C Model Hold 'pixel_clk_m'
Slack : 0.306
TNS   : 0.000

Type  : Slow 1200mV 0C Model Hold 'U1|altpll_component|auto_generated|pll1|clk[0]'
Slack : 0.338
TNS   : 0.000

Type  : Slow 1200mV 0C Model Minimum Pulse Width 'CLK_50MHZ_to_60HZ:U5|tmp'
Slack : -1.403
TNS   : -827.770

Type  : Slow 1200mV 0C Model Minimum Pulse Width 'pixel_clk_m'
Slack : 9.710
TNS   : 0.000

Type  : Slow 1200mV 0C Model Minimum Pulse Width 'U1|altpll_component|auto_generated|pll1|clk[0]'
Slack : 19.571
TNS   : 0.000

Type  : Fast 1200mV 0C Model Setup 'CLK_50MHZ_to_60HZ:U5|tmp'
Slack : -125.968
TNS   : -7967.652

Type  : Fast 1200mV 0C Model Setup 'pixel_clk_m'
Slack : -26.595
TNS   : -1467.322

Type  : Fast 1200mV 0C Model Setup 'U1|altpll_component|auto_generated|pll1|clk[0]'
Slack : 35.432
TNS   : 0.000

Type  : Fast 1200mV 0C Model Hold 'CLK_50MHZ_to_60HZ:U5|tmp'
Slack : 0.140
TNS   : 0.000

Type  : Fast 1200mV 0C Model Hold 'pixel_clk_m'
Slack : 0.148
TNS   : 0.000

Type  : Fast 1200mV 0C Model Hold 'U1|altpll_component|auto_generated|pll1|clk[0]'
Slack : 0.209
TNS   : 0.000

Type  : Fast 1200mV 0C Model Minimum Pulse Width 'CLK_50MHZ_to_60HZ:U5|tmp'
Slack : -1.000
TNS   : -590.000

Type  : Fast 1200mV 0C Model Minimum Pulse Width 'pixel_clk_m'
Slack : 9.436
TNS   : 0.000

Type  : Fast 1200mV 0C Model Minimum Pulse Width 'U1|altpll_component|auto_generated|pll1|clk[0]'
Slack : 19.664
TNS   : 0.000

------------------------------------------------------------
